d:\storygenerator\generator\generator\x64\debug\vc143.pdb
d:\storygenerator\generator\generator\x64\debug\vc143.idb
d:\storygenerator\generator\generator\x64\debug\worddictionary.obj
d:\storygenerator\generator\generator\x64\debug\main.obj
d:\storygenerator\generator\generator\x64\debug\filemanager.obj
d:\storygenerator\generator\generator\x64\debug\relationship.obj
d:\storygenerator\generator\generator\x64\debug\word.obj
d:\storygenerator\generator\generator\x64\debug\fileparser.obj
d:\storygenerator\generator\generator\x64\debug\datamanager.obj
d:\storygenerator\generator\x64\debug\generator.exe
d:\storygenerator\generator\x64\debug\generator.pdb
d:\storygenerator\generator\generator\x64\debug\generator.ilk
d:\storygenerator\generator\generator\x64\debug\fileparser.obj.enc
d:\storygenerator\generator\generator\x64\debug\generator.tlog\cl.command.1.tlog
d:\storygenerator\generator\generator\x64\debug\generator.tlog\cl.items.tlog
d:\storygenerator\generator\generator\x64\debug\generator.tlog\cl.read.1.tlog
d:\storygenerator\generator\generator\x64\debug\generator.tlog\cl.write.1.tlog
d:\storygenerator\generator\generator\x64\debug\generator.tlog\link.command.1.tlog
d:\storygenerator\generator\generator\x64\debug\generator.tlog\link.read.1.tlog
d:\storygenerator\generator\generator\x64\debug\generator.tlog\link.secondary.1.tlog
d:\storygenerator\generator\generator\x64\debug\generator.tlog\link.write.1.tlog
